// Jest Snapshot v1, https://goo.gl/fbAQLP

exports[`QuestionArtistScreenComponent Render QuestionArtistScreen 1`] = `[Function]`;
